# genbg run record, 2026-10-06T09:11:01Z, macOS arm64, nauty nauty-2.9.3
# command: genbg -q -Y1 -d10:3 -D10:7 7 21 70:70
# genbg wall 10 s,    11241 graphs, g6 sha256 08cb00903691c807731f50753ff9c184ff1c3c59669b073b6c5431d7c798ad8e
>A genbg n=7+21 e=70:70 d=10:3 D=10:7 Y1
>Z 11241 graphs generated in 6.86 sec
genbg objects 11241, filtered (not 2-wise) 0, classes 11241
  degseq (4, 4, 4, 4, 4, 4, 4, 3, 3, 3, 3, 3, 3, 3, 3, 3, 3, 3, 3, 3, 3) : 6518
  degseq (5, 4, 4, 4, 4, 4, 3, 3, 3, 3, 3, 3, 3, 3, 3, 3, 3, 3, 3, 3, 3) : 3703
  degseq (5, 5, 4, 4, 4, 3, 3, 3, 3, 3, 3, 3, 3, 3, 3, 3, 3, 3, 3, 3, 3) : 728
  degseq (5, 5, 5, 4, 3, 3, 3, 3, 3, 3, 3, 3, 3, 3, 3, 3, 3, 3, 3, 3, 3) : 47
  degseq (6, 4, 4, 4, 4, 3, 3, 3, 3, 3, 3, 3, 3, 3, 3, 3, 3, 3, 3, 3, 3) : 182
  degseq (6, 5, 4, 4, 3, 3, 3, 3, 3, 3, 3, 3, 3, 3, 3, 3, 3, 3, 3, 3, 3) : 54
  degseq (6, 5, 5, 3, 3, 3, 3, 3, 3, 3, 3, 3, 3, 3, 3, 3, 3, 3, 3, 3, 3) : 3
  degseq (6, 6, 4, 3, 3, 3, 3, 3, 3, 3, 3, 3, 3, 3, 3, 3, 3, 3, 3, 3, 3) : 1
  degseq (7, 4, 4, 4, 3, 3, 3, 3, 3, 3, 3, 3, 3, 3, 3, 3, 3, 3, 3, 3, 3) : 4
  degseq (7, 5, 4, 3, 3, 3, 3, 3, 3, 3, 3, 3, 3, 3, 3, 3, 3, 3, 3, 3, 3) : 1
  (M,mu): {(4, 7): 6518, (5, 1): 3703, (5, 2): 728, (5, 3): 47, (6, 1): 239, (6, 2): 1, (7, 1): 5}
  classes with repeated blocks: 0
# genbg_links.py wall 7 s
# json sha256 b8a697447c96f7cde312488cfc73cc12082ab2e845e80930214a47bd8e3ab53d
