Running HiGHS 1.15.1 (git hash: 04024d7): Copyright (c) 2026 under MIT licence terms
Includes third-party software components, see THIRD_PARTY_NOTICES.md for full details
vars 2645 rows 6005
MIP has 6005 rows; 2645 cols; 16867 nonzeros; 185 integer variables (185 binary)
Coefficient ranges:
  Matrix  [1e-01, 1e+02]
  Cost    [0e+00, 0e+00]
  Bound   [1e-01, 1e+00]
  RHS     [1e-01, 3e+01]
Presolving model
4459 rows, 1996 cols, 12724 nonzeros 0s
4147 rows, 1856 cols, 12103 nonzeros 0s
Presolve reductions: rows 4147(-1858); columns 1856(-789); nonzeros 12103(-4764) 
Objective function is integral with scale 1

Solving MIP model with:
   4147 rows
   1856 cols (153 binary, 0 integer, 2 implied int., 1701 continuous, 0 domain fixed)
   12103 nonzeros
   Thread count 1 (of 10 threads). Using 1 max workers. Parallel search off

Src: B => Branching; C => Central rounding; F => Feasibility pump; H => Heuristic;
     I => Shifting; J => Feasibility jump; L => Sub-MIP; P => Empty MIP; R => Randomized rounding;
     S => Solve LP; T => Evaluate node; U => Unbounded; X => User solution; Y => HiGHS solution;
     Z => ZI Round; l => Trivial lower; p => Trivial point; u => Trivial upper; z => Trivial zero

        Nodes      |    B&B Tree     |            Objective Bounds              |  Dynamic Constraints |       Work      
Src  Proc. InQueue |  Leaves   Expl. | BestBound       BestSol              Gap |   Cuts   InLp Confl. | LpIters     Time

         0       0         0   0.00%   0               inf                  inf        0      0      0         0     0.2s
         0       0         0   0.00%   0               inf                  inf        0      0      6      1508     0.3s
         0       0         0   0.00%   0               inf                  inf     1620     20    366    182749    26.2s
       126      13        51   0.67%   0               inf                  inf     1811     29    769    214807    31.4s
       275      20       103   0.68%   0               inf                  inf     2036     37   1088    245047    36.5s
       420      34       168   0.68%   0               inf                  inf     2147     48   1482    275471    41.5s
       568      55       226   0.68%   0               inf                  inf     2771     36   1802    306939    46.5s
       701      55       289   0.68%   0               inf                  inf     3026     35   2105    337093    51.5s
       805      65       332   0.70%   0               inf                  inf     3091     53   2280    361959    65.9s
       929      56       386   0.70%   0               inf                  inf     3128     49   2618    464302    71.0s
      1054      74       437   0.75%   0               inf                  inf     3133     25   2928    493395    76.0s

Restarting search from the root node
Model after restart has 4147 rows, 1856 cols (153 bin., 0 int., 2 impl., 1701 cont., 0 dom.fix.), and 12103 nonzeros

      1127       0         0   0.00%   0               inf                  inf       40      0      0    512022    79.0s
      1127       0         0   0.00%   0               inf                  inf       40      7     11    512383    79.1s
      1171       0        12   3.14%   0               inf                  inf      628     28    386    525832    84.1s
      1294      15        69   3.14%   0               inf                  inf     1097     27    657    552567    89.1s
      1421      21       121   3.14%   0               inf                  inf     1316     31    972    580996    94.2s
      1528      32       172   3.15%   0               inf                  inf     1676     42   1172    608439    99.2s
      1637      28       222   3.16%   0               inf                  inf     1933     33   1421    633080   104.2s
      1792      49       289   3.17%   0               inf                  inf     1906     40   1833    662162   109.3s
      1902      43       338   3.18%   0               inf                  inf     2379     31   2074    687329   114.3s

        Nodes      |    B&B Tree     |            Objective Bounds              |  Dynamic Constraints |       Work      
Src  Proc. InQueue |  Leaves   Expl. | BestBound       BestSol              Gap |   Cuts   InLp Confl. | LpIters     Time

      2048      54       405   3.19%   0               inf                  inf     2618     43   2366    720670   119.6s
      2145      66       451   3.19%   0               inf                  inf     2815     35   2503    749942   124.6s
      2295      82       511   3.19%   0               inf                  inf     3127     69   2934    778841   129.6s
      2425      74       558   3.86%   0               inf                  inf     3373     65   3193    808432   134.6s
      2562      83       625   3.87%   0               inf                  inf     3547     43   3642    834011   139.8s
      2724      92       686   3.88%   0               inf                  inf     3488     82   4005    858514   144.8s
      2907     100       769   3.88%   0               inf                  inf     3663     67   4835    884021   150.1s
      3048     112       832   3.89%   0               inf                  inf     3641     36   5192    911522   155.1s

Restarting search from the root node
Model after restart has 4147 rows, 1856 cols (153 bin., 0 int., 2 impl., 1701 cont., 0 dom.fix.), and 12103 nonzeros

      3128       0         0   0.00%   0               inf                  inf       36      0      0    920811   157.0s
      3128       0         0   0.00%   0               inf                  inf       36      9      7    921046   157.0s
      3128       0         0   0.00%   0               inf                  inf     1166     30    309    967977   165.9s
      3233      21        40   0.03%   0               inf                  inf     1282     30    514    994563   171.0s
      3350      14        83   0.50%   0               inf                  inf     1717     54    746     1019k   176.1s
      3470      20       138   0.59%   0               inf                  inf     1869     28   1093     1043k   181.1s
      3612      22       201   0.62%   0               inf                  inf     2284     45   1545     1068k   186.2s
      3735      27       248   0.64%   0               inf                  inf     2378     28   1789     1094k   191.2s
      3857      34       304   0.65%   0               inf                  inf     2029     33   2062     1118k   215.4s
      4008      33       377   0.73%   0               inf                  inf     2090     39   2557     1302k   220.4s
      4133      45       427   0.76%   0               inf                  inf     2419     34   2783     1332k   225.5s
      4263      47       485   0.78%   0               inf                  inf     2742     63   3111     1356k   231.0s

        Nodes      |    B&B Tree     |            Objective Bounds              |  Dynamic Constraints |       Work      
Src  Proc. InQueue |  Leaves   Expl. | BestBound       BestSol              Gap |   Cuts   InLp Confl. | LpIters     Time

      4274      46       491   0.78%   0               inf                  inf     2782     36   3138     1368k   252.6s
      4382      45       538   0.78%   0               inf                  inf     3052     61   3324     1510k   257.7s
      4490      54       580   0.78%   0               inf                  inf     3240     67   3512     1532k   262.8s
      4585      61       625   0.79%   0               inf                  inf     3586     52   3684     1557k   267.8s
      4615      71       638   0.81%   0               inf                  inf     3576     61   3750     1565k   297.3s
      4710      63       684   0.82%   0               inf                  inf     3356     83   4002     1766k   302.4s
      4808      75       729   0.85%   0               inf                  inf     3453     38   4173     1788k   307.5s
      4903      68       777   0.93%   0               inf                  inf     3751     63   4411     1819k   312.5s
      5009      70       827   1.03%   0               inf                  inf     3648     51   4689     1844k   317.6s
      5124      69       885   1.05%   0               inf                  inf     3579     68   4955     1869k   322.6s
      5222      67       934   1.30%   0               inf                  inf     3646     60   5138     1898k   327.7s
      5354      73       992   1.49%   0               inf                  inf     3622     78   5484     1927k   332.8s
      5478      70      1052   1.63%   0               inf                  inf     3725     49   5942     1958k   337.9s
      5598      69      1110   1.65%   0               inf                  inf     3895     76   6309     1986k   342.9s
      5723      76      1162   1.67%   0               inf                  inf     3941     52   6585     2017k   348.0s
      5841      79      1217   2.07%   0               inf                  inf     3866     79   6958     2046k   353.0s
      5990      87      1281   2.09%   0               inf                  inf     3939     89   7257     2076k   358.0s
      6133      88      1348   2.22%   0               inf                  inf     4154    110   7656     2104k   363.0s

Restarting search from the root node
Model after restart has 4147 rows, 1856 cols (153 bin., 0 int., 2 impl., 1701 cont., 0 dom.fix.), and 12103 nonzeros

      6238       0         0   0.00%   0               inf                  inf       70      0      0     2124k   367.2s
      6238       0         0   0.00%   0               inf                  inf       70     12      7     2125k   367.3s

        Nodes      |    B&B Tree     |            Objective Bounds              |  Dynamic Constraints |       Work      
Src  Proc. InQueue |  Leaves   Expl. | BestBound       BestSol              Gap |   Cuts   InLp Confl. | LpIters     Time

      6238       0         0   0.00%   0               inf                  inf     1063     39    299     2149k   373.5s
      6362      17        50  12.50%   0               inf                  inf     1308     49    544     2176k   378.6s
      6522      17       126  12.50%   0               inf                  inf     1954     45   1125     2202k   383.6s
      6641      30       175  12.52%   0               inf                  inf     2266     40   1317     2232k   388.8s
      6782      28       241  12.52%   0               inf                  inf     2501     63   1661     2264k   393.8s
      6934      27       305  12.54%   0               inf                  inf     2439     54   1957     2298k   399.1s
      7035      34       351  12.59%   0               inf                  inf     2747     63   2235     2324k   404.1s
      7165      31       405  12.63%   0               inf                  inf     3062     38   2536     2351k   409.1s
      7307      44       470  12.63%   0               inf                  inf     3113     55   2848     2382k   414.1s
      7460      61       537  12.73%   0               inf                  inf     3347     63   3227     2411k   419.1s
      7587      56       594  18.99%   0               inf                  inf     3657     62   3574     2437k   424.1s
      7745      59       666  19.01%   0               inf                  inf     4090     39   3938     2465k   429.2s
      7880      65       722  19.05%   0               inf                  inf     4272     46   4303     2495k   434.3s
      8021      73       786  19.09%   0               inf                  inf     4252     45   4607     2523k   439.4s
      8158      71       848  19.13%   0               inf                  inf     4229     61   4924     2551k   444.4s
      8270      83       899  19.22%   0               inf                  inf     4370     72   5222     2582k   449.5s
      8394      82       953  19.37%   0               inf                  inf     4237     46   5496     2613k   454.6s
      8519      80      1008  22.37%   0               inf                  inf     4090     60   5788     2641k   459.7s
      8662      79      1074  22.38%   0               inf                  inf     4224     64   6207     2670k   464.7s
      8808      83      1143  22.38%   0               inf                  inf     4255     65   6517     2697k   469.8s

        Nodes      |    B&B Tree     |            Objective Bounds              |  Dynamic Constraints |       Work      
Src  Proc. InQueue |  Leaves   Expl. | BestBound       BestSol              Gap |   Cuts   InLp Confl. | LpIters     Time

      8915      86      1184  22.70%   0               inf                  inf     4231     82   6769     2725k   474.8s
      9047      85      1243  22.70%   0               inf                  inf     4185     53   7072     2753k   479.9s
      9183      92      1308  22.71%   0               inf                  inf     4087     73   7429     2781k   485.0s
      9283      87      1351  22.74%   0               inf                  inf     3944     90   7671     2812k   490.0s
      9384      88      1393  23.03%   0               inf                  inf     3788     82   7893     2840k   495.0s
      9480      90      1434  23.17%   0               inf                  inf     3985     90   8109     2868k   500.0s
      9583      93      1482  23.20%   0               inf                  inf     4064    102   8363     2894k   505.0s
      9708      92      1541  23.21%   0               inf                  inf     3959    108   8652     2924k   510.1s
      9797      94      1581  23.43%   0               inf                  inf     3995     79   8879     2954k   515.1s
      9925      95      1634  23.67%   0               inf                  inf     3922     62   9131     2984k   520.2s
     10026     101      1679  23.69%   0               inf                  inf     3790    100   9425     3015k   525.3s
     10110     111      1717  23.74%   0               inf                  inf     3977    114   9600     3046k   530.4s
     10183     117      1752  23.76%   0               inf                  inf     4006    114   9726     3081k   535.5s
     10268     109      1795  23.80%   0               inf                  inf     3903     98   9925     3114k   540.5s
     10368     113      1839  23.96%   0               inf                  inf     4021    110   9644     3148k   545.6s
     10485     114      1892  24.19%   0               inf                  inf     4222    123   9942     3179k   550.6s
     10601     116      1938  24.22%   0               inf                  inf     4300     75   9608     3209k   555.7s
     10713     123      1988  24.34%   0               inf                  inf     4364     89   9855     3241k   560.7s
     10832     126      2045  24.37%   0               inf                  inf     4276     65   9768     3273k   565.7s
     10955     127      2097  24.38%   0               inf                  inf     4055     95   9742     3307k   570.8s

        Nodes      |    B&B Tree     |            Objective Bounds              |  Dynamic Constraints |       Work      
Src  Proc. InQueue |  Leaves   Expl. | BestBound       BestSol              Gap |   Cuts   InLp Confl. | LpIters     Time

     11086     131      2158  24.41%   0               inf                  inf     4120    100   9829     3339k   575.8s
     11215     136      2206  24.62%   0               inf                  inf     4200    116   9995     3369k   580.8s
     11320     138      2258  24.62%   0               inf                  inf     4097     95   9974     3403k   585.9s
     11425     137      2306  24.80%   0               inf                  inf     4245    112   9873     3437k   590.9s
     11524     140      2351  25.21%   0               inf                  inf     4091    133   9760     3469k   596.0s
     11647     142      2408  25.26%   0               inf                  inf     4142     76   9980     3499k   601.0s
     11762     143      2465  25.28%   0               inf                  inf     4180    107   9998     3530k   606.0s
     11906     149      2530  25.29%   0               inf                  inf     4146     81   9569     3561k   611.1s
     12035     144      2588  25.38%   0               inf                  inf     4289     79   9890     3591k   616.1s
     12170     159      2646  25.44%   0               inf                  inf     4159     96   9972     3623k   621.2s
     12282     155      2700  25.49%   0               inf                  inf     4341     81   9907     3656k   626.2s
     12418     154      2761  25.62%   0               inf                  inf     4298     95   9900     3688k   631.2s
     12533     150      2813  25.73%   0               inf                  inf     4333     70   9926     3719k   636.2s
     12653     157      2872  25.74%   0               inf                  inf     4525    113   9779     3751k   641.3s
     12757     157      2924  25.75%   0               inf                  inf     4590     81   9958     3783k   646.4s
     12857     155      2969  25.76%   0               inf                  inf     4686    110   9950     3815k   651.4s
     12940     164      3006  25.81%   0               inf                  inf     4721    110   9745     3846k   656.4s
     13035     160      3051  25.84%   0               inf                  inf     4547     89   9932     3878k   661.4s
     13118     166      3091  25.90%   0               inf                  inf     4560     98   9902     3910k   666.6s
     13227     164      3143  26.08%   0               inf                  inf     4476    119   9846     3938k   671.7s

        Nodes      |    B&B Tree     |            Objective Bounds              |  Dynamic Constraints |       Work      
Src  Proc. InQueue |  Leaves   Expl. | BestBound       BestSol              Gap |   Cuts   InLp Confl. | LpIters     Time

     13356     165      3193  26.30%   0               inf                  inf     4419     95   9861     3967k   676.8s
     13476     179      3252  26.33%   0               inf                  inf     4178     96   9946     4000k   681.9s
     13552     176      3289  26.55%   0               inf                  inf     4235    125   9700     4029k   686.9s
     13625     177      3323  26.66%   0               inf                  inf     4125     76   9839     4058k   692.1s
     13690     173      3356  27.26%   0               inf                  inf     4039    139   9984     4088k   697.2s
     13753     173      3388  27.30%   0               inf                  inf     4071    139   9835     4123k   702.3s
     13861     181      3432  27.38%   0               inf                  inf     4129     65   9895     4154k   707.4s
     13961     182      3480  27.61%   0               inf                  inf     3959    102   9963     4188k   712.5s
     14052     187      3523  27.73%   0               inf                  inf     4015    114   9934     4218k   717.6s
     14183     198      3581  27.77%   0               inf                  inf     4020    124   9902     4248k   722.6s
     14301     195      3637  27.78%   0               inf                  inf     4110    103   9981     4279k   727.7s
     14408     191      3688  28.13%   0               inf                  inf     4269     91   9982     4309k   732.7s
     14519     195      3739  28.14%   0               inf                  inf     4406    140   9761     4342k   737.8s
     14625     194      3787  28.14%   0               inf                  inf     4445    152   9660     4378k   742.9s
     14759     209      3846  28.54%   0               inf                  inf     4428     74   9995     4409k   748.0s
     14853     200      3888  28.99%   0               inf                  inf     4443    112   9934     4442k   753.2s
     14957     204      3941  29.00%   0               inf                  inf     4470    128   9831     4475k   758.2s
     15083     208      3999  29.07%   0               inf                  inf     4635     95   9997     4507k   763.3s
     15210     207      4060  29.16%   0               inf                  inf     4598    127   9974     4537k   768.3s
     15338     209      4117  29.24%   0               inf                  inf     4542    106   9973     4568k   773.4s

        Nodes      |    B&B Tree     |            Objective Bounds              |  Dynamic Constraints |       Work      
Src  Proc. InQueue |  Leaves   Expl. | BestBound       BestSol              Gap |   Cuts   InLp Confl. | LpIters     Time

     15450     212      4169  29.39%   0               inf                  inf     4569    119   9885     4602k   778.4s
     15545     211      4218  29.61%   0               inf                  inf     4129    120   9860     4632k   783.5s
     15652     207      4266  31.00%   0               inf                  inf     4253     92   9929     4659k   788.5s
     15751     212      4310  31.15%   0               inf                  inf     4308    123   9927     4688k   793.5s
     15857     207      4363  31.23%   0               inf                  inf     4474     96   9919     4717k   798.5s
     15959     212      4409  31.25%   0               inf                  inf     4489    109   9960     4744k   803.6s
     16048     215      4451  31.27%   0               inf                  inf     4171     96   9774     4773k   808.6s
     16141     221      4495  31.45%   0               inf                  inf     4207    138   9987     4801k   813.7s
     16217     221      4531  31.48%   0               inf                  inf     4242    138   9936     4832k   818.8s
     16285     219      4567  31.56%   0               inf                  inf     4331     87   9837     4860k   823.8s
     16360     216      4606  31.91%   0               inf                  inf     4238    120   9998     4886k   828.9s
     16433     210      4642  32.18%   0               inf                  inf     4116    101   9790     4915k   834.0s
     16517     210      4682  32.24%   0               inf                  inf     4201    143   9917     4945k   839.1s
     16588     210      4717  32.32%   0               inf                  inf     4236    143   9808     4975k   844.3s
     16676     210      4762  32.39%   0               inf                  inf     4316     76   9972     5003k   849.3s
     16812     216      4820  32.71%   0               inf                  inf     4372    106   9995     5030k   854.3s
     16909     214      4866  32.75%   0               inf                  inf     4227    135   9890     5059k   859.3s
     17023     214      4921  32.91%   0               inf                  inf     4237     91   9979     5086k   864.4s
     17120     216      4965  32.92%   0               inf                  inf     4116    140   9916     5115k   869.5s
     17174     216      4989  32.97%   0               inf                  inf     4140    140   9911     5148k   874.9s

        Nodes      |    B&B Tree     |            Objective Bounds              |  Dynamic Constraints |       Work      
Src  Proc. InQueue |  Leaves   Expl. | BestBound       BestSol              Gap |   Cuts   InLp Confl. | LpIters     Time

     17269     223      5038  32.97%   0               inf                  inf     4108     76   9894     5181k   879.9s
     17367     221      5088  32.99%   0               inf                  inf     4244     99   9880     5214k   885.0s
     17440     220      5122  33.00%   0               inf                  inf     4261    122   9936     5246k   890.1s
     17522     219      5161  33.03%   0               inf                  inf     4452    147   9952     5277k   895.2s
     17642     217      5217  33.07%   0               inf                  inf     4548     74   9951     5306k   900.3s
     17748     218      5268  33.10%   0               inf                  inf     4650    117   9906     5335k   905.3s
     17840     221      5313  33.13%   0               inf                  inf     4509     69   9889     5366k   910.3s
     17921     222      5354  33.24%   0               inf                  inf     4544     69  10009     5396k   915.4s
     18021     221      5402  33.25%   0               inf                  inf     4617    103   9970     5426k   920.4s
     18113     226      5444  33.47%   0               inf                  inf     4687    126   9835     5458k   925.4s
     18208     229      5491  33.48%   0               inf                  inf     4583     78   9988     5489k   930.5s
     18292     228      5534  33.51%   0               inf                  inf     4468    136   9838     5520k   935.6s
     18397     226      5582  33.54%   0               inf                  inf     4367     83   9787     5548k   940.7s
     18489     226      5629  33.58%   0               inf                  inf     4365    150   9898     5578k   945.7s
     18590     225      5673  33.58%   0               inf                  inf     4396     95   9883     5610k   950.8s
     18708     230      5727  34.37%   0               inf                  inf     4490    111  10000     5641k   955.8s
     18803     233      5775  34.44%   0               inf                  inf     4380    124   9912     5672k   960.9s
     18907     231      5818  34.49%   0               inf                  inf     4516    162   9989     5701k   965.9s
     19019     235      5874  34.50%   0               inf                  inf     4363    155   9847     5729k   971.0s
     19102     234      5915  34.55%   0               inf                  inf     4518    174   9763     5758k   976.0s

        Nodes      |    B&B Tree     |            Objective Bounds              |  Dynamic Constraints |       Work      
Src  Proc. InQueue |  Leaves   Expl. | BestBound       BestSol              Gap |   Cuts   InLp Confl. | LpIters     Time

     19206     242      5958  34.62%   0               inf                  inf     4609     87   9953     5789k   981.1s
     19289     236      6001  34.66%   0               inf                  inf     4652    139   9907     5818k   986.1s
     19376     238      6040  34.74%   0               inf                  inf     4510    108   9911     5847k   991.3s
     19436     236      6071  34.85%   0               inf                  inf     4631    153   9982     5878k   996.3s
     19518     235      6110  35.02%   0               inf                  inf     4620    172   9953     5907k  1001.3s
     19605     238      6146  35.07%   0               inf                  inf     4603     95   9887     5935k  1006.3s
     19679     237      6184  35.11%   0               inf                  inf     4729    117   9996     5968k  1011.5s
     19746     236      6215  35.21%   0               inf                  inf     4854    138   9902     5999k  1016.7s
     19856     232      6269  35.22%   0               inf                  inf     5042     91   9961     6028k  1021.7s
     19942     232      6310  35.23%   0               inf                  inf     4921    134   9853     6060k  1026.8s
     20048     230      6357  35.26%   0               inf                  inf     4973     75   9815     6090k  1031.8s
     20124     224      6393  35.50%   0               inf                  inf     4892    165   9997     6121k  1037.0s
     20224     226      6443  35.50%   0               inf                  inf     4847     72   9927     6151k  1042.1s
     20314     222      6486  36.29%   0               inf                  inf     4926    121   9843     6182k  1047.2s
     20417     222      6533  36.29%   0               inf                  inf     4854    122   9978     6212k  1052.2s
     20499     222      6571  36.30%   0               inf                  inf     4891    122   9909     6245k  1057.4s
     20584     223      6611  36.33%   0               inf                  inf     5008    167   9904     6278k  1062.6s
     20666     226      6651  36.37%   0               inf                  inf     4960    107   9938     6307k  1067.7s
     20753     223      6693  36.42%   0               inf                  inf     4931    157   9899     6337k  1072.8s
     20866     220      6745  36.44%   0               inf                  inf     4972     70   9827     6365k  1077.8s

        Nodes      |    B&B Tree     |            Objective Bounds              |  Dynamic Constraints |       Work      
Src  Proc. InQueue |  Leaves   Expl. | BestBound       BestSol              Gap |   Cuts   InLp Confl. | LpIters     Time

     20991     230      6803  36.45%   0               inf                  inf     5010     90   9979     6399k  1082.8s
     21079     234      6846  36.46%   0               inf                  inf     4779    118   9842     6430k  1087.9s
     21171     231      6887  36.53%   0               inf                  inf     4852     97   9796     6459k  1092.9s
     21258     237      6931  36.54%   0               inf                  inf     4939    141   9977     6492k  1098.0s
     21369     233      6983  36.58%   0               inf                  inf     4987    144   9937     6519k  1103.1s
     21460     236      7027  36.60%   0               inf                  inf     5185    160   9902     6550k  1108.1s
     21536     237      7064  36.63%   0               inf                  inf     5170    116   9819     6581k  1113.3s
     21624     233      7107  36.78%   0               inf                  inf     4904    165   9797     6609k  1118.3s
     21722     231      7156  37.26%   0               inf                  inf     4752     98   9809     6636k  1123.4s
     21832     235      7208  37.27%   0               inf                  inf     4729    140   9865     6663k  1128.4s
     21925     232      7254  37.28%   0               inf                  inf     4664    110   9949     6692k  1133.4s
     22011     233      7292  37.34%   0               inf                  inf     4765    150   9631     6723k  1138.5s
     22107     235      7334  37.47%   0               inf                  inf     4800    143   9786     6752k  1143.7s
     22195     239      7372  37.83%   0               inf                  inf     4625    115   9721     6778k  1148.8s
     22251     237      7400  37.90%   0               inf                  inf     4635    141   9811     6798k  1153.9s
     22352     233      7440  38.44%   0               inf                  inf     4576    107   9901     6821k  1158.9s
     22483     245      7487  41.36%   0               inf                  inf     4155    162   9933     6848k  1163.9s
     22583     247      7535  41.37%   0               inf                  inf     4312     90   9860     6876k  1168.9s
     22708     249      7593  41.37%   0               inf                  inf     4414    115   9870     6905k  1174.0s
     22801     253      7639  41.38%   0               inf                  inf     4479    136   9990     6930k  1179.0s

        Nodes      |    B&B Tree     |            Objective Bounds              |  Dynamic Constraints |       Work      
Src  Proc. InQueue |  Leaves   Expl. | BestBound       BestSol              Gap |   Cuts   InLp Confl. | LpIters     Time

     22896     249      7686  41.41%   0               inf                  inf     4661    127   9987     6956k  1184.1s
     22984     258      7721  41.51%   0               inf                  inf     4549    174   9843     6982k  1189.1s
     23069     261      7762  41.76%   0               inf                  inf     4524    193   9798     7005k  1194.1s
     23141     253      7798  41.84%   0               inf                  inf     4350    169   9767     7031k  1199.3s
     23212     256      7833  41.85%   0               inf                  inf     4385    112   9932     7060k  1204.3s
     23299     253      7876  41.86%   0               inf                  inf     4354    157   9903     7086k  1209.4s
     23416     251      7931  41.88%   0               inf                  inf     4281     83   9952     7112k  1214.4s
     23511     259      7978  41.89%   0               inf                  inf     4322    135   9826     7141k  1219.5s
     23606     257      8015  41.90%   0               inf                  inf     4310    147   9971     7169k  1224.5s
     23693     263      8056  41.92%   0               inf                  inf     4465    105   9887     7195k  1229.5s
     23768     268      8092  41.93%   0               inf                  inf     4498    105  10022     7221k  1234.6s
     23844     266      8131  41.93%   0               inf                  inf     4437    159   9909     7250k  1239.6s
     23977     270      8191  41.97%   0               inf                  inf     4471     94   9988     7278k  1244.7s
     24074     268      8238  42.12%   0               inf                  inf     4501    115   9969     7307k  1249.9s
     24152     267      8278  42.19%   0               inf                  inf     4518    148   9919     7335k  1254.9s
     24234     265      8315  42.20%   0               inf                  inf     4412    111   9804     7365k  1260.0s
     24307     264      8345  42.20%   0               inf                  inf     4554    128   9927     7395k  1265.2s
     24378     270      8377  42.22%   0               inf                  inf     4542    144   9868     7425k  1270.2s
     24447     271      8413  42.28%   0               inf                  inf     4575    144  10002     7454k  1275.3s
     24529     268      8454  42.28%   0               inf                  inf     4454    128   9939     7483k  1280.3s

        Nodes      |    B&B Tree     |            Objective Bounds              |  Dynamic Constraints |       Work      
Src  Proc. InQueue |  Leaves   Expl. | BestBound       BestSol              Gap |   Cuts   InLp Confl. | LpIters     Time

     24610     265      8495  42.31%   0               inf                  inf     4467    156   9895     7512k  1285.4s
     24685     264      8533  42.32%   0               inf                  inf     4478     84   9906     7541k  1290.4s
     24776     269      8568  42.34%   0               inf                  inf     4648    113   9936     7571k  1295.7s
     24871     269      8610  42.34%   0               inf                  inf     4373    175   9887     7599k  1300.7s
     24972     268      8662  42.36%   0               inf                  inf     4384     95   9960     7628k  1305.8s
     25050     266      8700  42.56%   0               inf                  inf     4135     99   9754     7656k  1310.9s
     25156     265      8749  42.57%   0               inf                  inf     4254    132   9927     7686k  1316.1s
     25239     263      8790  42.65%   0               inf                  inf     4318    174   9793     7713k  1321.1s
     25321     264      8831  42.66%   0               inf                  inf     4356    174   9867     7740k  1326.2s
     25416     262      8872  42.71%   0               inf                  inf     4343    106   9806     7770k  1331.2s
     25508     263      8916  42.73%   0               inf                  inf     4282    159   9875     7799k  1336.3s
     25591     270      8954  42.74%   0               inf                  inf     4359    109   9940     7826k  1341.3s
     25679     270      8998  42.76%   0               inf                  inf     4282    173   9879     7855k  1346.4s
     25761     266      9036  42.83%   0               inf                  inf     4297    133   9874     7883k  1351.4s
     25857     269      9082  42.86%   0               inf                  inf     4376    180   9810     7911k  1356.4s
     25952     268      9128  42.87%   0               inf                  inf     4298    201   9864     7939k  1361.5s
     26033     267      9167  42.89%   0               inf                  inf     4380     91   9862     7969k  1366.5s
     26136     276      9211  42.91%   0               inf                  inf     4216    114   9841     8000k  1371.6s
     26220     274      9255  42.92%   0               inf                  inf     4330    155   9811     8026k  1376.6s
     26307     273      9294  43.03%   0               inf                  inf     4316    175   9980     8053k  1381.6s

        Nodes      |    B&B Tree     |            Objective Bounds              |  Dynamic Constraints |       Work      
Src  Proc. InQueue |  Leaves   Expl. | BestBound       BestSol              Gap |   Cuts   InLp Confl. | LpIters     Time

     26373     271      9327  43.08%   0               inf                  inf     4306    164   9963     8080k  1386.7s
     26422     271      9354  43.08%   0               inf                  inf     4333    164   9786     8111k  1391.8s
     26516     268      9395  43.41%   0               inf                  inf     4171    188   9918     8140k  1396.9s
     26626     275      9452  43.41%   0               inf                  inf     3896    145   9754     8166k  1401.9s
     26754     274      9511  44.19%   0               inf                  inf     4031    106   9807     8193k  1406.9s
     26861     275      9558  44.25%   0               inf                  inf     3979    131   9817     8223k  1412.0s
     26936     279      9592  44.26%   0               inf                  inf     4019    161   9921     8252k  1417.1s
     27071     281      9655  44.26%   0               inf                  inf     4119    125   9948     8279k  1422.2s
     27160     279      9695  44.27%   0               inf                  inf     4311    142   9997     8309k  1427.4s
     27237     282      9734  44.33%   0               inf                  inf     4185    135   9813     8339k  1432.5s
     27323     278      9776  44.37%   0               inf                  inf     4262    118   9950     8367k  1437.6s
     27412     276      9816  44.47%   0               inf                  inf     4310    153   9963     8391k  1442.6s
     27524     275      9868  44.50%   0               inf                  inf     4371    109   9864     8419k  1447.9s
     27612     275      9910  44.64%   0               inf                  inf     4330    144   9957     8448k  1453.0s
     27730     274      9966  44.69%   0               inf                  inf     4591     76   9985     8476k  1458.0s
     27849     287     10020  44.71%   0               inf                  inf     4448    147   9910     8502k  1463.1s
     27929     284     10061  44.71%   0               inf                  inf     4386    178   9958     8530k  1468.2s
     28010     283     10098  44.75%   0               inf                  inf     4481    190   9923     8558k  1473.2s
     28110     291     10140  44.82%   0               inf                  inf     4533     97   9987     8586k  1478.3s
     28198     290     10185  44.83%   0               inf                  inf     4470    173   9868     8612k  1483.3s

        Nodes      |    B&B Tree     |            Objective Bounds              |  Dynamic Constraints |       Work      
Src  Proc. InQueue |  Leaves   Expl. | BestBound       BestSol              Gap |   Cuts   InLp Confl. | LpIters     Time

     28321     292     10244  44.86%   0               inf                  inf     4469     90   9916     8636k  1488.4s
     28423     297     10288  44.89%   0               inf                  inf     4392    107   9861     8665k  1493.4s
     28511     298     10331  44.95%   0               inf                  inf     4376    161   9786     8693k  1498.4s
     28596     303     10365  45.06%   0               inf                  inf     4450    173   9986     8718k  1503.6s
     28666     303     10401  45.15%   0               inf                  inf     4485    173   9823     8748k  1508.7s
     28761     299     10446  45.17%   0               inf                  inf     4514    128   9992     8773k  1513.8s
     28858     300     10492  45.18%   0               inf                  inf     4443    145   9856     8803k  1518.9s
     28937     298     10530  45.20%   0               inf                  inf     4423    105   9817     8829k  1524.0s
     29025     305     10567  45.26%   0               inf                  inf     4570    122   9993     8857k  1529.2s
     29109     305     10610  45.26%   0               inf                  inf     4609    122   9924     8882k  1534.3s
     29189     306     10652  45.32%   0               inf                  inf     4622     94   9939     8909k  1539.5s
     29282     303     10698  45.35%   0               inf                  inf     4604    139   9942     8938k  1544.6s
     29359     306     10729  45.36%   0               inf                  inf     4511    162   9959     8970k  1549.7s
     29423     306     10758  45.41%   0               inf                  inf     4616    124   9825     8999k  1554.8s
     29538     304     10811  45.48%   0               inf                  inf     4552    160   9877     9025k  1559.8s
     29640     310     10862  45.48%   0               inf                  inf     4502    120   9955     9052k  1564.9s
     29728     306     10903  45.51%   0               inf                  inf     4537    166   9913     9081k  1569.9s
     29804     309     10939  45.55%   0               inf                  inf     4613     81   9973     9107k  1575.0s
     29888     305     10979  45.56%   0               inf                  inf     4565    124   9993     9127k  1580.0s
     29988     311     11024  45.57%   0               inf                  inf     4630    161   9935     9150k  1585.1s

        Nodes      |    B&B Tree     |            Objective Bounds              |  Dynamic Constraints |       Work      
Src  Proc. InQueue |  Leaves   Expl. | BestBound       BestSol              Gap |   Cuts   InLp Confl. | LpIters     Time

     30079     314     11068  45.58%   0               inf                  inf     4420    130   9742     9174k  1590.1s
     30155     313     11103  45.58%   0               inf                  inf     4405    160   9886     9201k  1595.1s
     30220     313     11135  45.60%   0               inf                  inf     4434    160   9991     9223k  1600.2s
     30287     315     11165  45.64%   0               inf                  inf     4280    122   9972     9249k  1605.2s
     30344     319     11193  45.64%   0               inf                  inf     4199    151   9998     9271k  1610.4s
     30440     319     11237  45.65%   0               inf                  inf     4176    169   9991     9292k  1615.4s
     30492     314     11261  45.66%   0               inf                  inf     4132    119   9940     9309k  1620.6s
     30564     314     11297  45.68%   0               inf                  inf     4164    119   9942     9334k  1625.7s
