Running HiGHS 1.15.1 (git hash: 04024d7): Copyright (c) 2026 under MIT licence terms
Includes third-party software components, see THIRD_PARTY_NOTICES.md for full details
vars 6867 rows 18231
MIP has 18231 rows; 6867 cols; 123407 nonzeros; 287 integer variables (287 binary)
Coefficient ranges:
  Matrix  [1e-01, 4e+03]
  Cost    [0e+00, 0e+00]
  Bound   [1e-01, 1e+00]
  RHS     [1e-01, 3e+01]
Presolving model
16728 rows, 6209 cols, 119331 nonzeros 0s
15856 rows, 5825 cols, 117215 nonzeros 0s
Presolve reductions: rows 15856(-2375); columns 5825(-1042); nonzeros 117215(-6192) 
Objective function is integral with scale 1

Solving MIP model with:
   15856 rows
   5825 cols (263 binary, 0 integer, 0 implied int., 5562 continuous, 0 domain fixed)
   117215 nonzeros
   Thread count 1 (of 10 threads). Using 1 max workers. Parallel search off

Src: B => Branching; C => Central rounding; F => Feasibility pump; H => Heuristic;
     I => Shifting; J => Feasibility jump; L => Sub-MIP; P => Empty MIP; R => Randomized rounding;
     S => Solve LP; T => Evaluate node; U => Unbounded; X => User solution; Y => HiGHS solution;
     Z => ZI Round; l => Trivial lower; p => Trivial point; u => Trivial upper; z => Trivial zero

        Nodes      |    B&B Tree     |            Objective Bounds              |  Dynamic Constraints |       Work      
Src  Proc. InQueue |  Leaves   Expl. | BestBound       BestSol              Gap |   Cuts   InLp Confl. | LpIters     Time

         0       0         0   0.00%   0               inf                  inf        0      0      0         0     1.0s
         0       0         0   0.00%   0               inf                  inf        0      0      6      4268     2.3s
         0       0         0   0.00%   0               inf                  inf      692     60    347      8137     7.7s
         0       0         0   0.00%   0               inf                  inf      713     27    432    239698    83.3s
        44       0         1   0.00%   0               inf                  inf      714     27    433    263270    94.8s
        51       0         6   0.00%   0               inf                  inf      719     27    469    275355    99.9s
        62       0        10   0.00%   0               inf                  inf      722     27    492    291051   107.3s
        72       0        14   0.00%   0               inf                  inf      726     27    508    303404   112.8s
        80       0        20   0.00%   0               inf                  inf      731     27    522    313919   117.8s
        92       0        25   0.00%   0               inf                  inf      735     27    546    328407   124.5s
        98       0        29   0.00%   0               inf                  inf      739     27    560    341486   131.1s
       101      34        30   0.00%   0               inf                  inf      740     27    573    347508   136.2s
