presolving:
(round 1, fast)       137 del vars, 28 del conss, 0 add conss, 30 chg bounds, 0 chg sides, 0 chg coeffs, 0 upgd conss, 0 impls, 686 clqs, 0 implints
(round 2, fast)       348 del vars, 130 del conss, 0 add conss, 38 chg bounds, 0 chg sides, 98 chg coeffs, 7 upgd conss, 0 impls, 588 clqs, 0 implints
(round 3, exhaustive) 348 del vars, 130 del conss, 0 add conss, 38 chg bounds, 0 chg sides, 98 chg coeffs, 93 upgd conss, 0 impls, 588 clqs, 0 implints
(round 4, exhaustive) 348 del vars, 130 del conss, 721 add conss, 38 chg bounds, 0 chg sides, 98 chg coeffs, 170 upgd conss, 0 impls, 588 clqs, 721 implints
(round 5, exhaustive) 579 del vars, 361 del conss, 721 add conss, 38 chg bounds, 0 chg sides, 98 chg coeffs, 170 upgd conss, 0 impls, 1568 clqs, 490 implints
(round 6, exhaustive) 579 del vars, 361 del conss, 721 add conss, 38 chg bounds, 0 chg sides, 98 chg coeffs, 247 upgd conss, 0 impls, 1568 clqs, 490 implints
   (0.1s) probing: 51/917 (5.6%) - 0 fixings, 0 aggregations, 0 implications, 0 bound changes
   (0.1s) probing aborted: 50/50 successive totally useless probings
   (0.1s) symmetry computation started: requiring (bin +, int +, cont +), (fixed: bin -, int -, cont -)
   (0.1s) symmetry computation finished: 10 generators found (max: 1500, log10 of symmetry group size: 4.32) (symcode time: 0.00)
dynamic symmetry handling statistics:
   orbitopal reduction:        4 components: 63x3, 63x4, 63x4, 63x3
   orbital reduction:         no components
   lexicographic reduction:   no permutations
handled 4 out of 4 symmetry components
presolving (7 rounds: 7 fast, 5 medium, 5 exhaustive):
 579 deleted vars, 361 deleted constraints, 721 added constraints, 38 tightened bounds, 0 added holes, 0 changed sides, 98 changed coefficients
 0 implications, 1568 cliques, 490 implied integral variables (0 bin, 0 int, 490 cont)
presolved problem has 926 variables (427 bin, 0 int, 499 cont) and 983 constraints
     70 constraints of type <knapsack>
    784 constraints of type <and>
     22 constraints of type <linear>
     93 constraints of type <logicor>
     14 constraints of type <nonlinear>
transformed objective value is always integral (scale: 1)
Presolving Time: 0.06

 time | node  | left  |LP iter|LP it/n|mem/heur|mdpt |vars |cons |rows |cuts |sepa|confs|strbr|  dualbound   | primalbound  |  gap   | compl. 
  0.2s|     1 |     0 |  1401 |     - |    25M |   0 |1038 | 998 |1865 |   0 |  0 |  14 |   0 | 0.000000e+00 |      --      |    Inf | unknown
  0.6s|     1 |     0 |  5031 |     - |    39M |   0 |1038 |1006 |1920 |  55 |  1 |  22 |   0 | 0.000000e+00 |      --      |    Inf | unknown
  0.8s|     1 |     0 |  5398 |     - |    50M |   0 |1038 |1007 |1970 | 105 |  2 |  23 |   0 | 0.000000e+00 |      --      |    Inf | unknown
  1.0s|     1 |     0 |  6017 |     - |    56M |   0 |1038 |1008 |2017 | 152 |  3 |  24 |   0 | 0.000000e+00 |      --      |    Inf | unknown
  1.1s|     1 |     0 |  6571 |     - |    66M |   0 |1038 |1015 |2080 | 215 |  4 |  31 |   0 | 0.000000e+00 |      --      |    Inf | unknown
  1.3s|     1 |     0 |  7166 |     - |    74M |   0 |1038 |1015 |2130 | 265 |  5 |  31 |   0 | 0.000000e+00 |      --      |    Inf | unknown
  1.5s|     1 |     0 |  7833 |     - |    83M |   0 |1038 |1016 |2183 | 318 |  6 |  32 |   0 | 0.000000e+00 |      --      |    Inf | unknown
  1.7s|     1 |     0 |  8554 |     - |    93M |   0 |1038 |1016 |2229 | 364 |  7 |  32 |   0 | 0.000000e+00 |      --      |    Inf | unknown
  1.9s|     1 |     0 |  9222 |     - |    98M |   0 |1038 |1017 |2276 | 411 |  8 |  33 |   0 | 0.000000e+00 |      --      |    Inf | unknown
  2.1s|     1 |     0 |  9752 |     - |   110M |   0 |1038 |1018 |2308 | 443 |  9 |  34 |   0 | 0.000000e+00 |      --      |    Inf | unknown
  2.4s|     1 |     0 | 10455 |     - |   115M |   0 |1038 |1019 |2347 | 482 | 10 |  35 |   0 | 0.000000e+00 |      --      |    Inf | unknown
  2.5s|     1 |     0 | 11065 |     - |   115M |   0 |1038 |1021 |2376 | 511 | 11 |  37 |   0 | 0.000000e+00 |      --      |    Inf | unknown
  2.7s|     1 |     0 | 11533 |     - |   115M |   0 |1038 |1024 |2376 | 511 | 11 |  40 |   0 | 0.000000e+00 |      --      |    Inf | unknown
  2.8s|     1 |     0 | 12197 |     - |   117M |   0 |1038 |1024 |2444 | 579 | 12 |  40 |   0 | 0.000000e+00 |      --      |    Inf | unknown
  2.9s|     1 |     0 | 12817 |     - |   117M |   0 |1038 |1024 |2501 | 636 | 13 |  40 |   0 | 0.000000e+00 |      --      |    Inf | unknown
 time | node  | left  |LP iter|LP it/n|mem/heur|mdpt |vars |cons |rows |cuts |sepa|confs|strbr|  dualbound   | primalbound  |  gap   | compl. 
  3.0s|     1 |     0 | 13564 |     - |   117M |   0 |1038 |1025 |2558 | 693 | 14 |  41 |   0 | 0.000000e+00 |      --      |    Inf | unknown
  3.2s|     1 |     0 | 14218 |     - |   118M |   0 |1038 |1025 |2596 | 731 | 15 |  41 |   0 | 0.000000e+00 |      --      |    Inf | unknown
  3.3s|     1 |     0 | 15068 |     - |   118M |   0 |1038 |1025 |2631 | 766 | 16 |  41 |   0 | 0.000000e+00 |      --      |    Inf | unknown
  3.5s|     1 |     0 | 15645 |     - |   118M |   0 |1038 |1025 |2390 | 813 | 17 |  41 |   0 | 0.000000e+00 |      --      |    Inf | unknown
  3.6s|     1 |     0 | 16125 |     - |   118M |   0 |1038 |1025 |2423 | 846 | 18 |  41 |   0 | 0.000000e+00 |      --      |    Inf | unknown
  3.7s|     1 |     0 | 16517 |     - |   119M |   0 |1038 |1026 |2453 | 876 | 19 |  42 |   0 | 0.000000e+00 |      --      |    Inf | unknown
  3.8s|     1 |     0 | 16974 |     - |   119M |   0 |1038 |1027 |2478 | 901 | 20 |  43 |   0 | 0.000000e+00 |      --      |    Inf | unknown
  3.8s|     1 |     0 | 17282 |     - |   119M |   0 |1038 |1027 |2500 | 923 | 21 |  43 |   0 | 0.000000e+00 |      --      |    Inf | unknown
  3.9s|     1 |     0 | 17352 |     - |   119M |   0 |1038 |1027 |2516 | 939 | 22 |  43 |   0 | 0.000000e+00 |      --      |    Inf | unknown
  8.5s|     1 |     2 | 17460 |     - |   122M |   0 |1038 |1029 |2516 | 939 | 22 |  45 |  26 | 0.000000e+00 |      --      |    Inf | unknown
 34.9s|   100 |    41 |203042 |1881.5 |   127M |  22 |1038 |1037 |2823 |3330 |  2 |  80 |  26 | 0.000000e+00 |      --      |    Inf |   9.38%
 51.5s|   200 |    43 |345749 |1653.1 |   127M |  23 |1038 |1037 |2879 |4194 |  2 | 126 |  26 | 0.000000e+00 |      --      |    Inf |   9.39%
 61.5s|   300 |    31 |439754 |1414.7 |   127M |  26 |1038 |1037 |   0 |4698 |  0 | 161 |  26 | 0.000000e+00 |      --      |    Inf |   9.40%
 87.6s|   400 |    61 |609314 |1485.1 |   129M |  26 |1038 |1051 |3019 |6533 |  2 | 214 |  26 | 0.000000e+00 |      --      |    Inf |  15.68%
 98.9s|   500 |    73 |712534 |1394.3 |   128M |  26 |1038 |1053 |   0 |7048 |  0 | 253 |  26 | 0.000000e+00 |      --      |    Inf |  15.71%
 time | node  | left  |LP iter|LP it/n|mem/heur|mdpt |vars |cons |rows |cuts |sepa|confs|strbr|  dualbound   | primalbound  |  gap   | compl. 
  109s|   600 |    77 |804595 |1315.2 |   128M |  26 |1038 |1066 |2996 |7395 |  0 | 303 |  26 | 0.000000e+00 |      --      |    Inf |  15.71%
  120s|   700 |    69 |913616 |1283.0 |   129M |  26 |1038 |1068 |2999 |8177 |  2 | 329 |  26 | 0.000000e+00 |      --      |    Inf |  15.75%
  136s|   800 |    63 |  1056k|1301.5 |   129M |  26 |1038 |1068 |2972 |9342 |  0 | 342 |  26 | 0.000000e+00 |      --      |    Inf |  15.88%
  148s|   900 |    75 |  1146k|1257.0 |   129M |  26 |1038 |1071 |3073 |9879 |  1 | 376 |  26 | 0.000000e+00 |      --      |    Inf |  15.94%
  160s|  1000 |    79 |  1239k|1224.0 |   129M |  26 |1038 |1071 |3089 |  10k|  1 | 401 |  26 | 0.000000e+00 |      --      |    Inf |  15.94%
  173s|  1100 |    71 |  1335k|1199.6 |   129M |  26 |1038 |1078 |3128 |  10k|  2 | 448 |  26 | 0.000000e+00 |      --      |    Inf |  15.96%
  185s|  1200 |    59 |  1421k|1171.5 |   129M |  26 |1038 |1079 |3101 |  10k|  0 | 484 |  26 | 0.000000e+00 |      --      |    Inf |  16.00%
  200s|  1300 |    57 |  1537k|1170.4 |   130M |  26 |1038 |1079 |3026 |  11k|  2 | 521 |  26 | 0.000000e+00 |      --      |    Inf |  16.24%
  212s|  1400 |    57 |  1637k|1158.3 |   130M |  26 |1038 |1079 |3044 |  11k|  2 | 564 |  26 | 0.000000e+00 |      --      |    Inf |  16.26%
  224s|  1500 |    65 |  1754k|1159.4 |   130M |  26 |1038 |1079 |3037 |  12k|  2 | 606 |  26 | 0.000000e+00 |      --      |    Inf |  16.26%
  237s|  1600 |    61 |  1875k|1162.5 |   130M |  26 |1038 |1079 |3065 |  12k|  2 | 646 |  26 | 0.000000e+00 |      --      |    Inf |  16.27%
  248s|  1700 |    59 |  1975k|1153.0 |   130M |  26 |1038 |1079 |3056 |  12k|  2 | 692 |  26 | 0.000000e+00 |      --      |    Inf |  16.28%
  258s|  1800 |    61 |  2076k|1144.8 |   130M |  26 |1038 |1079 |3072 |  12k|  2 | 711 |  26 | 0.000000e+00 |      --      |    Inf |  16.29%
  269s|  1900 |    51 |  2181k|1139.8 |   130M |  26 |1038 |1079 |3044 |  13k|  0 | 742 |  26 | 0.000000e+00 |      --      |    Inf |  16.32%
  283s|  2000 |    49 |  2300k|1142.4 |   130M |  26 |1038 |1079 |3055 |  13k|  0 | 791 |  26 | 0.000000e+00 |      --      |    Inf |  16.37%
 time | node  | left  |LP iter|LP it/n|mem/heur|mdpt |vars |cons |rows |cuts |sepa|confs|strbr|  dualbound   | primalbound  |  gap   | compl. 
  292s|  2100 |    47 |  2391k|1131.4 |   130M |  26 |1038 |1079 |3075 |  13k|  0 | 839 |  26 | 0.000000e+00 |      --      |    Inf |  16.44%
  303s|  2200 |    53 |  2497k|1128.3 |   131M |  26 |1038 |1079 |2949 |  14k|  2 | 881 |  26 | 0.000000e+00 |      --      |    Inf |  16.51%
  315s|  2300 |    51 |  2612k|1129.2 |   131M |  26 |1038 |1079 |   0 |  15k|  0 | 903 |  26 | 0.000000e+00 |      --      |    Inf |  16.54%
  324s|  2400 |    43 |  2702k|1119.7 |   131M |  26 |1038 |1088 |3002 |  15k|  0 | 944 |  26 | 0.000000e+00 |      --      |    Inf |  16.56%
  335s|  2500 |    51 |  2814k|1119.4 |   131M |  26 |1038 |1103 |2952 |  16k|  0 |1001 |  26 | 0.000000e+00 |      --      |    Inf |  16.58%
  345s|  2600 |    53 |  2913k|1114.6 |   131M |  26 |1038 |1103 |2956 |  16k|  2 |1035 |  26 | 0.000000e+00 |      --      |    Inf |  16.63%
  354s|  2700 |    51 |  3007k|1108.1 |   131M |  26 |1038 |1103 |2954 |  17k|  2 |1060 |  26 | 0.000000e+00 |      --      |    Inf |  16.63%
  364s|  2800 |    51 |  3105k|1103.5 |   131M |  29 |1038 |1103 |3046 |  17k|  2 |1096 |  26 | 0.000000e+00 |      --      |    Inf |  16.63%
  379s|  2900 |    57 |  3239k|1111.7 |   132M |  29 |1038 |1108 |2980 |  18k|  0 |1140 |  26 | 0.000000e+00 |      --      |    Inf |  16.70%
  390s|  3000 |    59 |  3347k|1110.5 |   132M |  29 |1038 |1109 |3045 |  18k|  2 |1162 |  26 | 0.000000e+00 |      --      |    Inf |  16.71%
  402s|  3100 |    61 |  3464k|1112.5 |   132M |  29 |1038 |1109 |3010 |  18k|  2 |1186 |  26 | 0.000000e+00 |      --      |    Inf |  16.72%
  416s|  3200 |    55 |  3590k|1117.2 |   132M |  29 |1038 |1110 |3043 |  19k|  0 |1205 |  26 | 0.000000e+00 |      --      |    Inf |  16.73%
  426s|  3300 |    45 |  3688k|1113.0 |   132M |  29 |1038 |1112 |2996 |  19k|  0 |1245 |  26 | 0.000000e+00 |      --      |    Inf |  16.76%
  435s|  3400 |    41 |  3770k|1104.2 |   132M |  29 |1038 |1112 |2989 |  20k|  2 |1267 |  26 | 0.000000e+00 |      --      |    Inf |  16.79%
  447s|  3500 |    45 |  3884k|1105.3 |   132M |  29 |1038 |1121 |3104 |  20k|  0 |1306 |  26 | 0.000000e+00 |      --      |    Inf |  16.79%
 time | node  | left  |LP iter|LP it/n|mem/heur|mdpt |vars |cons |rows |cuts |sepa|confs|strbr|  dualbound   | primalbound  |  gap   | compl. 
  459s|  3600 |    39 |  4000k|1106.8 |   132M |  29 |1038 |1121 |2963 |  21k|  0 |1352 |  26 | 0.000000e+00 |      --      |    Inf |  16.81%
  471s|  3700 |    41 |  4120k|1109.5 |   132M |  29 |1038 |1127 |2954 |  21k|  2 |1397 |  26 | 0.000000e+00 |      --      |    Inf |  16.82%
  484s|  3800 |    41 |  4245k|1113.0 |   132M |  29 |1038 |1133 |2968 |  22k|  2 |1439 |  26 | 0.000000e+00 |      --      |    Inf |  16.82%
  495s|  3900 |    49 |  4353k|1112.2 |   133M |  29 |1038 |1133 |2993 |  22k|  2 |1472 |  26 | 0.000000e+00 |      --      |    Inf |  16.83%
  506s|  4000 |    59 |  4462k|1111.7 |   133M |  29 |1038 |1144 |2974 |  23k|  2 |1521 |  26 | 0.000000e+00 |      --      |    Inf |  16.85%
  516s|  4100 |    49 |  4561k|1108.7 |   133M |  29 |1038 |1144 |2960 |  23k|  2 |1553 |  26 | 0.000000e+00 |      --      |    Inf |  18.43%
  527s|  4200 |    45 |  4666k|1107.4 |   133M |  29 |1038 |1144 |3018 |  23k|  0 |1591 |  26 | 0.000000e+00 |      --      |    Inf |  18.46%
  537s|  4300 |    41 |  4775k|1106.9 |   133M |  29 |1038 |1146 |3108 |  24k|  2 |1627 |  26 | 0.000000e+00 |      --      |    Inf |  18.48%
  546s|  4400 |    43 |  4863k|1101.7 |   133M |  29 |1038 |1160 |2995 |  24k|  2 |1675 |  26 | 0.000000e+00 |      --      |    Inf |  18.49%
  555s|  4500 |    47 |  4959k|1098.6 |   133M |  29 |1038 |1163 |3038 |  24k|  1 |1717 |  26 | 0.000000e+00 |      --      |    Inf |  18.51%
  566s|  4600 |    41 |  5057k|1096.0 |   134M |  29 |1038 |1165 |3071 |  25k|  2 |1755 |  26 | 0.000000e+00 |      --      |    Inf |  18.64%
  577s|  4700 |    43 |  5166k|1096.0 |   134M |  29 |1038 |1171 |3075 |  25k|  2 |1795 |  26 | 0.000000e+00 |      --      |    Inf |  18.64%
  589s|  4800 |    51 |  5281k|1097.1 |   134M |  29 |1038 |1171 |3070 |  25k|  0 |1836 |  26 | 0.000000e+00 |      --      |    Inf |  18.70%
  599s|  4900 |    43 |  5383k|1095.5 |   134M |  29 |1038 |1171 |3044 |  26k|  2 |1878 |  26 | 0.000000e+00 |      --      |    Inf |  18.72%
  609s|  5000 |    41 |  5484k|1093.8 |   134M |  29 |1038 |1171 |3076 |  26k|  0 |1926 |  26 | 0.000000e+00 |      --      |    Inf |  18.72%
 time | node  | left  |LP iter|LP it/n|mem/heur|mdpt |vars |cons |rows |cuts |sepa|confs|strbr|  dualbound   | primalbound  |  gap   | compl. 
  620s|  5100 |    37 |  5596k|1094.2 |   134M |  29 |1038 |1178 |3039 |  26k|  0 |1971 |  26 | 0.000000e+00 |      --      |    Inf |  18.73%
  629s|  5200 |    35 |  5680k|1089.5 |   134M |  29 |1038 |1191 |2991 |  27k|  0 |2021 |  26 | 0.000000e+00 |      --      |    Inf |  18.73%
  638s|  5300 |    32 |  5779k|1087.4 |   134M |  29 |1038 |1197 |2935 |  27k|  0 |2064 |  26 | 0.000000e+00 |      --      |    Inf |  18.78%
  647s|  5400 |    40 |  5863k|1082.8 |   134M |  31 |1038 |1203 |2797 |  28k|  2 |2108 |  26 | 0.000000e+00 |      --      |    Inf |  18.78%
  660s|  5500 |    50 |  5975k|1083.6 |   134M |  31 |1038 |1206 |2749 |  29k|  2 |2154 |  26 | 0.000000e+00 |      --      |    Inf |  18.78%
  670s|  5600 |    44 |  6075k|1082.2 |   134M |  31 |1038 |1207 |   0 |  30k|  0 |2193 |  26 | 0.000000e+00 |      --      |    Inf |  18.79%
  682s|  5700 |    48 |  6193k|1083.9 |   135M |  31 |1038 |1207 |   0 |  31k|  0 |2234 |  26 | 0.000000e+00 |      --      |    Inf |  18.84%
  689s|  5800 |    48 |  6259k|1076.6 |   135M |  31 |1038 |1219 |2957 |  32k|  2 |2278 |  26 | 0.000000e+00 |      --      |    Inf |  18.85%
  698s|  5900 |    50 |  6343k|1072.5 |   135M |  31 |1038 |1219 |2917 |  32k|  2 |2317 |  26 | 0.000000e+00 |      --      |    Inf |  18.85%
  706s|  6000 |    48 |  6417k|1067.0 |   135M |  33 |1038 |1219 |2939 |  33k|  2 |2345 |  26 | 0.000000e+00 |      --      |    Inf |  18.85%
  714s|  6100 |    44 |  6493k|1062.0 |   135M |  33 |1038 |1221 |2931 |  34k|  2 |2370 |  26 | 0.000000e+00 |      --      |    Inf |  18.85%
  724s|  6200 |    44 |  6581k|1059.0 |   135M |  33 |1038 |1221 |2937 |  34k|  0 |2408 |  26 | 0.000000e+00 |      --      |    Inf |  18.86%
  734s|  6300 |    46 |  6670k|1056.4 |   135M |  33 |1038 |1228 |2959 |  35k|  2 |2452 |  26 | 0.000000e+00 |      --      |    Inf |  18.86%
  746s|  6400 |    52 |  6773k|1055.9 |   135M |  33 |1038 |1232 |2974 |  36k|  0 |2485 |  26 | 0.000000e+00 |      --      |    Inf |  18.86%
  754s|  6500 |    50 |  6854k|1052.1 |   135M |  33 |1038 |1231 |2984 |  37k|  1 |2513 |  26 | 0.000000e+00 |      --      |    Inf |  18.86%
 time | node  | left  |LP iter|LP it/n|mem/heur|mdpt |vars |cons |rows |cuts |sepa|confs|strbr|  dualbound   | primalbound  |  gap   | compl. 
  762s|  6600 |    52 |  6921k|1046.4 |   135M |  36 |1038 |1232 |2977 |  37k|  2 |2540 |  26 | 0.000000e+00 |      --      |    Inf |  18.86%
